MO enc_8_3 NULL /home/mbax3jp2/Cadence/COMP12111/MU0_lib/enc_8_3/functional/verilog.v vlg6F/enc__8__3.bin 1386862568
MO counter09 NULL /home/mbax3jp2/Cadence/COMP12111/COMP12111/counter09/functional/verilog.v vlg39/counter09.bin 1385654510
MO mux_2to1_16bit NULL /home/mbax3jp2/Cadence/COMP12111/MU0_lib/mux_2to1_16bit/functional/verilog.v vlg1C/mux__2to1__16bit.bin 1386862564
MO display_ID NULL /home/mbax3jp2/Cadence/COMP12111/MU0_lib/display_ID/functional/verilog.v vlg1E/display___i_d.bin 1386862570
MO mux_2to1_12bit NULL /home/mbax3jp2/Cadence/COMP12111/MU0_lib/mux_2to1_12bit/functional/verilog.v vlg28/mux__2to1__12bit.bin 1386862562
MO sevensegmentdecoder NULL /home/mbax3jp2/Cadence/COMP12111/COMP12111/sevensegmentdecoder/functional/verilog.v vlg2A/sevensegmentdecoder.bin 1385654267
MO trafficlight NULL /home/mbax3jp2/Cadence/COMP12111/COMP12111/trafficlight/functional/verilog.v vlg0B/trafficlight.bin 1385654512
MO display_scan NULL /cadtools5/xil_cds_design_kits/ENGLAB_12111/display_scan/functional/verilog.v vlg4A/display__scan.bin 1386862573
MO memory_2 NULL /home/mbax3jp2/Cadence/COMP12111/MU0_lib/memory_2/functional/verilog.v vlg4E/memory__2.bin 1386862566
MO key_scan NULL /cadtools5/xil_cds_design_kits/ENGLAB_12111/key_scan/functional/verilog.v vlg7D/key__scan.bin 1386862571
